INFO 2025-11-17 09:47:45,386 autoreload Watching for file changes with StatReloader
INFO 2025-11-17 09:49:22,856 autoreload Watching for file changes with StatReloader
INFO 2025-11-17 09:49:32,693 basehttp "GET /admin/ HTTP/1.1" 302 0
INFO 2025-11-17 09:49:32,736 basehttp "GET /admin/login/?next=/admin/ HTTP/1.1" 200 4173
INFO 2025-11-17 09:49:32,910 basehttp "GET /static/admin/css/dark_mode.css HTTP/1.1" 200 2808
INFO 2025-11-17 09:49:32,910 basehttp "GET /static/admin/js/theme.js HTTP/1.1" 200 1653
INFO 2025-11-17 09:49:32,910 basehttp "GET /static/admin/css/login.css HTTP/1.1" 200 951
INFO 2025-11-17 09:49:32,911 basehttp "GET /static/admin/css/nav_sidebar.css HTTP/1.1" 200 2810
INFO 2025-11-17 09:49:32,911 basehttp "GET /static/admin/css/base.css HTTP/1.1" 200 22120
INFO 2025-11-17 09:49:32,911 basehttp "GET /static/admin/css/responsive.css HTTP/1.1" 200 16565
INFO 2025-11-17 09:49:32,912 basehttp "GET /static/admin/js/nav_sidebar.js HTTP/1.1" 200 3063
WARNING 2025-11-17 09:49:33,262 log Not Found: /favicon.ico
WARNING 2025-11-17 09:49:33,263 basehttp "GET /favicon.ico HTTP/1.1" 404 38195
INFO 2025-11-17 09:49:33,263 basehttp - Broken pipe from ('127.0.0.1', 61804)
INFO 2025-11-17 09:49:36,949 basehttp "POST /admin/login/?next=/admin/ HTTP/1.1" 302 0
INFO 2025-11-17 09:49:37,161 basehttp "GET /admin/ HTTP/1.1" 200 27471
INFO 2025-11-17 09:49:37,284 basehttp "GET /static/admin/css/dashboard.css HTTP/1.1" 200 441
INFO 2025-11-17 09:49:37,294 basehttp "GET /static/admin/img/icon-viewlink.svg HTTP/1.1" 200 581
INFO 2025-11-17 09:49:37,295 basehttp "GET /static/admin/img/icon-addlink.svg HTTP/1.1" 200 331
INFO 2025-11-17 09:49:37,295 basehttp "GET /static/admin/img/icon-changelink.svg HTTP/1.1" 200 380
WARNING 2025-11-17 09:49:37,309 log Not Found: /favicon.ico
WARNING 2025-11-17 09:49:37,309 basehttp "GET /favicon.ico HTTP/1.1" 404 38195
INFO 2025-11-17 09:49:37,309 basehttp - Broken pipe from ('127.0.0.1', 61801)
INFO 2025-11-17 09:49:57,978 basehttp "GET /admin/core/account/ HTTP/1.1" 200 25154
INFO 2025-11-17 09:49:58,095 basehttp "GET /static/admin/css/changelists.css HTTP/1.1" 200 6878
INFO 2025-11-17 09:49:58,096 basehttp "GET /static/admin/js/jquery.init.js HTTP/1.1" 200 347
INFO 2025-11-17 09:49:58,096 basehttp "GET /static/admin/js/admin/RelatedObjectLookups.js HTTP/1.1" 200 9777
INFO 2025-11-17 09:49:58,096 basehttp "GET /static/admin/js/core.js HTTP/1.1" 200 6208
INFO 2025-11-17 09:49:58,100 basehttp "GET /static/admin/js/actions.js HTTP/1.1" 200 8076
INFO 2025-11-17 09:49:58,104 basehttp "GET /static/admin/js/urlify.js HTTP/1.1" 200 7887
INFO 2025-11-17 09:49:58,104 basehttp "GET /static/admin/js/prepopulate.js HTTP/1.1" 200 1531
INFO 2025-11-17 09:49:58,105 basehttp "GET /static/admin/js/filters.js HTTP/1.1" 200 978
INFO 2025-11-17 09:49:58,106 basehttp "GET /static/admin/js/vendor/jquery/jquery.js HTTP/1.1" 200 285314
INFO 2025-11-17 09:49:58,110 basehttp "GET /static/admin/js/vendor/xregexp/xregexp.js HTTP/1.1" 200 325171
INFO 2025-11-17 09:49:58,136 basehttp "GET /admin/jsi18n/ HTTP/1.1" 200 3342
INFO 2025-11-17 09:49:58,137 basehttp "GET /static/admin/img/search.svg HTTP/1.1" 200 458
INFO 2025-11-17 09:49:58,212 basehttp "GET /static/admin/img/tooltag-add.svg HTTP/1.1" 200 331
INFO 2025-11-17 09:50:02,369 basehttp "GET /admin/auth_system/user/ HTTP/1.1" 200 28542
INFO 2025-11-17 09:50:02,478 basehttp "GET /admin/jsi18n/ HTTP/1.1" 200 3342
INFO 2025-11-17 09:50:02,479 basehttp "GET /static/admin/img/icon-yes.svg HTTP/1.1" 200 436
INFO 2025-11-17 09:50:02,628 basehttp "GET /static/admin/img/sorting-icons.svg HTTP/1.1" 200 1097
INFO 2025-11-17 09:50:04,261 basehttp "GET /admin/auth_system/user/2/change/ HTTP/1.1" 200 41685
INFO 2025-11-17 09:50:04,294 basehttp "GET /static/admin/css/forms.css HTTP/1.1" 200 8525
INFO 2025-11-17 09:50:04,294 basehttp "GET /static/admin/js/calendar.js HTTP/1.1" 200 9141
INFO 2025-11-17 09:50:04,295 basehttp "GET /static/admin/js/admin/DateTimeShortcuts.js HTTP/1.1" 200 19319
INFO 2025-11-17 09:50:04,323 basehttp "GET /admin/jsi18n/ HTTP/1.1" 200 3342
INFO 2025-11-17 09:50:04,377 basehttp "GET /static/admin/js/change_form.js HTTP/1.1" 200 606
INFO 2025-11-17 09:50:04,377 basehttp "GET /static/admin/img/icon-deletelink.svg HTTP/1.1" 200 392
INFO 2025-11-17 09:50:04,378 basehttp "GET /static/admin/js/prepopulate_init.js HTTP/1.1" 200 586
INFO 2025-11-17 09:50:04,378 basehttp "GET /static/admin/css/widgets.css HTTP/1.1" 200 11973
INFO 2025-11-17 09:50:04,444 basehttp "GET /static/admin/img/icon-clock.svg HTTP/1.1" 200 677
INFO 2025-11-17 09:50:04,445 basehttp "GET /static/admin/img/icon-calendar.svg HTTP/1.1" 200 1086
INFO 2025-11-17 09:51:32,108 autoreload /Users/segun/Desktop/Protech/alpha_granit_backend/django_app/apps/auth_system/serializers.py changed, reloading.
INFO 2025-11-17 09:51:32,894 autoreload Watching for file changes with StatReloader
INFO 2025-11-17 09:53:26,082 autoreload Watching for file changes with StatReloader
INFO 2025-11-17 09:57:11,783 autoreload /Users/segun/Desktop/Protech/alpha_granit_backend/django_app/apps/auth_system/urls.py changed, reloading.
INFO 2025-11-17 09:57:12,376 autoreload Watching for file changes with StatReloader
INFO 2025-11-17 09:58:02,140 autoreload /Users/segun/Desktop/Protech/alpha_granit_backend/django_app/apps/auth_system/views.py changed, reloading.
INFO 2025-11-17 09:58:02,879 autoreload Watching for file changes with StatReloader
INFO 2025-11-17 09:58:57,252 autoreload /Users/segun/Desktop/Protech/alpha_granit_backend/django_app/config/urls.py changed, reloading.
INFO 2025-11-17 09:58:57,755 autoreload Watching for file changes with StatReloader
INFO 2025-11-17 10:00:25,172 autoreload /Users/segun/Desktop/Protech/alpha_granit_backend/django_app/config/urls.py changed, reloading.
INFO 2025-11-17 10:00:25,709 autoreload Watching for file changes with StatReloader
INFO 2025-11-17 10:01:54,780 autoreload /Users/segun/Desktop/Protech/alpha_granit_backend/django_app/apps/auth_system/views.py changed, reloading.
INFO 2025-11-17 10:01:55,206 autoreload Watching for file changes with StatReloader
INFO 2025-11-17 10:02:08,805 autoreload /Users/segun/Desktop/Protech/alpha_granit_backend/django_app/apps/auth_system/views.py changed, reloading.
INFO 2025-11-17 10:02:09,246 autoreload Watching for file changes with StatReloader
WARNING 2025-11-17 10:04:32,336 log Not Found: /api/docs
WARNING 2025-11-17 10:04:32,337 basehttp "GET /api/docs HTTP/1.1" 404 16644
WARNING 2025-11-17 10:04:32,863 log Not Found: /favicon.ico
WARNING 2025-11-17 10:04:32,863 basehttp "GET /favicon.ico HTTP/1.1" 404 16653
INFO 2025-11-17 10:04:49,295 basehttp "GET /api/schema/swagger-ui HTTP/1.1" 301 0
INFO 2025-11-17 10:04:49,370 basehttp "GET /api/schema/swagger-ui/ HTTP/1.1" 200 4649
ERROR 2025-11-17 10:04:49,821 log Internal Server Error: /api/schema/
Traceback (most recent call last):
  File "/Users/segun/Desktop/Protech/alpha_granit_backend/django_app/.venv/lib/python3.10/site-packages/rest_framework/views.py", line 512, in dispatch
    response = handler(request, *args, **kwargs)
  File "/Users/segun/Desktop/Protech/alpha_granit_backend/django_app/.venv/lib/python3.10/site-packages/drf_spectacular/views.py", line 84, in get
    return self._get_schema_response(request)
  File "/Users/segun/Desktop/Protech/alpha_granit_backend/django_app/.venv/lib/python3.10/site-packages/drf_spectacular/views.py", line 92, in _get_schema_response
    data=generator.get_schema(request=request, public=self.serve_public),
  File "/Users/segun/Desktop/Protech/alpha_granit_backend/django_app/.venv/lib/python3.10/site-packages/drf_spectacular/generators.py", line 287, in get_schema
    paths=self.parse(request, public),
  File "/Users/segun/Desktop/Protech/alpha_granit_backend/django_app/.venv/lib/python3.10/site-packages/drf_spectacular/generators.py", line 258, in parse
    operation = view.schema.get_operation(
  File "/Users/segun/Desktop/Protech/alpha_granit_backend/django_app/.venv/lib/python3.10/site-packages/drf_spectacular/openapi.py", line 113, in get_operation
    operation['responses'] = self._get_response_bodies()
  File "/Users/segun/Desktop/Protech/alpha_granit_backend/django_app/.venv/lib/python3.10/site-packages/drf_spectacular/openapi.py", line 1407, in _get_response_bodies
    return {'200': self._get_response_for_code(response_serializers, '200', direction=direction)}
  File "/Users/segun/Desktop/Protech/alpha_granit_backend/django_app/.venv/lib/python3.10/site-packages/drf_spectacular/openapi.py", line 1463, in _get_response_for_code
    component = self.resolve_serializer(serializer, direction)
  File "/Users/segun/Desktop/Protech/alpha_granit_backend/django_app/.venv/lib/python3.10/site-packages/drf_spectacular/openapi.py", line 1658, in resolve_serializer
    component.schema = self._map_serializer(serializer, direction, bypass_extensions)
  File "/Users/segun/Desktop/Protech/alpha_granit_backend/django_app/.venv/lib/python3.10/site-packages/drf_spectacular/openapi.py", line 959, in _map_serializer
    schema = self._map_basic_serializer(serializer, direction)
  File "/Users/segun/Desktop/Protech/alpha_granit_backend/django_app/.venv/lib/python3.10/site-packages/drf_spectacular/openapi.py", line 1052, in _map_basic_serializer
    for field in serializer.fields.values():
  File "/Users/segun/Desktop/Protech/alpha_granit_backend/django_app/.venv/lib/python3.10/site-packages/django/utils/functional.py", line 47, in __get__
    res = instance.__dict__[self.name] = self.func(instance)
  File "/Users/segun/Desktop/Protech/alpha_granit_backend/django_app/.venv/lib/python3.10/site-packages/rest_framework/serializers.py", line 374, in fields
    for key, value in self.get_fields().items():
  File "/Users/segun/Desktop/Protech/alpha_granit_backend/django_app/.venv/lib/python3.10/site-packages/rest_framework/serializers.py", line 1105, in get_fields
    field_class, field_kwargs = self.build_field(
  File "/Users/segun/Desktop/Protech/alpha_granit_backend/django_app/.venv/lib/python3.10/site-packages/rest_framework/serializers.py", line 1251, in build_field
    return self.build_unknown_field(field_name, model_class)
  File "/Users/segun/Desktop/Protech/alpha_granit_backend/django_app/.venv/lib/python3.10/site-packages/rest_framework/serializers.py", line 1369, in build_unknown_field
    raise ImproperlyConfigured(
django.core.exceptions.ImproperlyConfigured: Field name `cut_list_id` is not valid for model `CutList` in `apps.workflow.serializers.CutListSerializer`.

During handling of the above exception, another exception occurred:

Traceback (most recent call last):
  File "/Users/segun/Desktop/Protech/alpha_granit_backend/django_app/.venv/lib/python3.10/site-packages/django/utils/module_loading.py", line 30, in import_string
    return cached_import(module_path, class_name)
  File "/Users/segun/Desktop/Protech/alpha_granit_backend/django_app/.venv/lib/python3.10/site-packages/django/utils/module_loading.py", line 16, in cached_import
    return getattr(module, class_name)
AttributeError: module 'apps.core.exceptions' has no attribute 'custom_exception_handler'

The above exception was the direct cause of the following exception:

Traceback (most recent call last):
  File "/Users/segun/Desktop/Protech/alpha_granit_backend/django_app/.venv/lib/python3.10/site-packages/rest_framework/settings.py", line 179, in import_from_string
    return import_string(val)
  File "/Users/segun/Desktop/Protech/alpha_granit_backend/django_app/.venv/lib/python3.10/site-packages/django/utils/module_loading.py", line 32, in import_string
    raise ImportError(
ImportError: Module "apps.core.exceptions" does not define a "custom_exception_handler" attribute/class

During handling of the above exception, another exception occurred:

Traceback (most recent call last):
  File "/Users/segun/Desktop/Protech/alpha_granit_backend/django_app/.venv/lib/python3.10/site-packages/django/core/handlers/exception.py", line 55, in inner
    response = get_response(request)
  File "/Users/segun/Desktop/Protech/alpha_granit_backend/django_app/.venv/lib/python3.10/site-packages/django/core/handlers/base.py", line 197, in _get_response
    response = wrapped_callback(request, *callback_args, **callback_kwargs)
  File "/Users/segun/Desktop/Protech/alpha_granit_backend/django_app/.venv/lib/python3.10/site-packages/django/views/decorators/csrf.py", line 65, in _view_wrapper
    return view_func(request, *args, **kwargs)
  File "/Users/segun/Desktop/Protech/alpha_granit_backend/django_app/.venv/lib/python3.10/site-packages/django/views/generic/base.py", line 105, in view
    return self.dispatch(request, *args, **kwargs)
  File "/Users/segun/Desktop/Protech/alpha_granit_backend/django_app/.venv/lib/python3.10/site-packages/rest_framework/views.py", line 515, in dispatch
    response = self.handle_exception(exc)
  File "/Users/segun/Desktop/Protech/alpha_granit_backend/django_app/.venv/lib/python3.10/site-packages/rest_framework/views.py", line 469, in handle_exception
    exception_handler = self.get_exception_handler()
  File "/Users/segun/Desktop/Protech/alpha_granit_backend/django_app/.venv/lib/python3.10/site-packages/rest_framework/views.py", line 304, in get_exception_handler
    return self.settings.EXCEPTION_HANDLER
  File "/Users/segun/Desktop/Protech/alpha_granit_backend/django_app/.venv/lib/python3.10/site-packages/rest_framework/settings.py", line 227, in __getattr__
    val = perform_import(val, attr)
  File "/Users/segun/Desktop/Protech/alpha_granit_backend/django_app/.venv/lib/python3.10/site-packages/rest_framework/settings.py", line 168, in perform_import
    return import_from_string(val, setting_name)
  File "/Users/segun/Desktop/Protech/alpha_granit_backend/django_app/.venv/lib/python3.10/site-packages/rest_framework/settings.py", line 182, in import_from_string
    raise ImportError(msg)
ImportError: Could not import 'apps.core.exceptions.custom_exception_handler' for API setting 'EXCEPTION_HANDLER'. ImportError: Module "apps.core.exceptions" does not define a "custom_exception_handler" attribute/class.
ERROR 2025-11-17 10:04:49,822 basehttp "GET /api/schema/ HTTP/1.1" 500 216734
ERROR 2025-11-17 10:04:49,880 log Internal Server Error: /api/schema/
Traceback (most recent call last):
  File "/Users/segun/Desktop/Protech/alpha_granit_backend/django_app/.venv/lib/python3.10/site-packages/rest_framework/views.py", line 512, in dispatch
    response = handler(request, *args, **kwargs)
  File "/Users/segun/Desktop/Protech/alpha_granit_backend/django_app/.venv/lib/python3.10/site-packages/drf_spectacular/views.py", line 84, in get
    return self._get_schema_response(request)
  File "/Users/segun/Desktop/Protech/alpha_granit_backend/django_app/.venv/lib/python3.10/site-packages/drf_spectacular/views.py", line 92, in _get_schema_response
    data=generator.get_schema(request=request, public=self.serve_public),
  File "/Users/segun/Desktop/Protech/alpha_granit_backend/django_app/.venv/lib/python3.10/site-packages/drf_spectacular/generators.py", line 287, in get_schema
    paths=self.parse(request, public),
  File "/Users/segun/Desktop/Protech/alpha_granit_backend/django_app/.venv/lib/python3.10/site-packages/drf_spectacular/generators.py", line 258, in parse
    operation = view.schema.get_operation(
  File "/Users/segun/Desktop/Protech/alpha_granit_backend/django_app/.venv/lib/python3.10/site-packages/drf_spectacular/openapi.py", line 113, in get_operation
    operation['responses'] = self._get_response_bodies()
  File "/Users/segun/Desktop/Protech/alpha_granit_backend/django_app/.venv/lib/python3.10/site-packages/drf_spectacular/openapi.py", line 1407, in _get_response_bodies
    return {'200': self._get_response_for_code(response_serializers, '200', direction=direction)}
  File "/Users/segun/Desktop/Protech/alpha_granit_backend/django_app/.venv/lib/python3.10/site-packages/drf_spectacular/openapi.py", line 1463, in _get_response_for_code
    component = self.resolve_serializer(serializer, direction)
  File "/Users/segun/Desktop/Protech/alpha_granit_backend/django_app/.venv/lib/python3.10/site-packages/drf_spectacular/openapi.py", line 1658, in resolve_serializer
    component.schema = self._map_serializer(serializer, direction, bypass_extensions)
  File "/Users/segun/Desktop/Protech/alpha_granit_backend/django_app/.venv/lib/python3.10/site-packages/drf_spectacular/openapi.py", line 959, in _map_serializer
    schema = self._map_basic_serializer(serializer, direction)
  File "/Users/segun/Desktop/Protech/alpha_granit_backend/django_app/.venv/lib/python3.10/site-packages/drf_spectacular/openapi.py", line 1052, in _map_basic_serializer
    for field in serializer.fields.values():
  File "/Users/segun/Desktop/Protech/alpha_granit_backend/django_app/.venv/lib/python3.10/site-packages/django/utils/functional.py", line 47, in __get__
    res = instance.__dict__[self.name] = self.func(instance)
  File "/Users/segun/Desktop/Protech/alpha_granit_backend/django_app/.venv/lib/python3.10/site-packages/rest_framework/serializers.py", line 374, in fields
    for key, value in self.get_fields().items():
  File "/Users/segun/Desktop/Protech/alpha_granit_backend/django_app/.venv/lib/python3.10/site-packages/rest_framework/serializers.py", line 1105, in get_fields
    field_class, field_kwargs = self.build_field(
  File "/Users/segun/Desktop/Protech/alpha_granit_backend/django_app/.venv/lib/python3.10/site-packages/rest_framework/serializers.py", line 1251, in build_field
    return self.build_unknown_field(field_name, model_class)
  File "/Users/segun/Desktop/Protech/alpha_granit_backend/django_app/.venv/lib/python3.10/site-packages/rest_framework/serializers.py", line 1369, in build_unknown_field
    raise ImproperlyConfigured(
django.core.exceptions.ImproperlyConfigured: Field name `cut_list_id` is not valid for model `CutList` in `apps.workflow.serializers.CutListSerializer`.

During handling of the above exception, another exception occurred:

Traceback (most recent call last):
  File "/Users/segun/Desktop/Protech/alpha_granit_backend/django_app/.venv/lib/python3.10/site-packages/django/utils/module_loading.py", line 30, in import_string
    return cached_import(module_path, class_name)
  File "/Users/segun/Desktop/Protech/alpha_granit_backend/django_app/.venv/lib/python3.10/site-packages/django/utils/module_loading.py", line 16, in cached_import
    return getattr(module, class_name)
AttributeError: module 'apps.core.exceptions' has no attribute 'custom_exception_handler'

The above exception was the direct cause of the following exception:

Traceback (most recent call last):
  File "/Users/segun/Desktop/Protech/alpha_granit_backend/django_app/.venv/lib/python3.10/site-packages/rest_framework/settings.py", line 179, in import_from_string
    return import_string(val)
  File "/Users/segun/Desktop/Protech/alpha_granit_backend/django_app/.venv/lib/python3.10/site-packages/django/utils/module_loading.py", line 32, in import_string
    raise ImportError(
ImportError: Module "apps.core.exceptions" does not define a "custom_exception_handler" attribute/class

During handling of the above exception, another exception occurred:

Traceback (most recent call last):
  File "/Users/segun/Desktop/Protech/alpha_granit_backend/django_app/.venv/lib/python3.10/site-packages/django/core/handlers/exception.py", line 55, in inner
    response = get_response(request)
  File "/Users/segun/Desktop/Protech/alpha_granit_backend/django_app/.venv/lib/python3.10/site-packages/django/core/handlers/base.py", line 197, in _get_response
    response = wrapped_callback(request, *callback_args, **callback_kwargs)
  File "/Users/segun/Desktop/Protech/alpha_granit_backend/django_app/.venv/lib/python3.10/site-packages/django/views/decorators/csrf.py", line 65, in _view_wrapper
    return view_func(request, *args, **kwargs)
  File "/Users/segun/Desktop/Protech/alpha_granit_backend/django_app/.venv/lib/python3.10/site-packages/django/views/generic/base.py", line 105, in view
    return self.dispatch(request, *args, **kwargs)
  File "/Users/segun/Desktop/Protech/alpha_granit_backend/django_app/.venv/lib/python3.10/site-packages/rest_framework/views.py", line 515, in dispatch
    response = self.handle_exception(exc)
  File "/Users/segun/Desktop/Protech/alpha_granit_backend/django_app/.venv/lib/python3.10/site-packages/rest_framework/views.py", line 469, in handle_exception
    exception_handler = self.get_exception_handler()
  File "/Users/segun/Desktop/Protech/alpha_granit_backend/django_app/.venv/lib/python3.10/site-packages/rest_framework/views.py", line 304, in get_exception_handler
    return self.settings.EXCEPTION_HANDLER
  File "/Users/segun/Desktop/Protech/alpha_granit_backend/django_app/.venv/lib/python3.10/site-packages/rest_framework/settings.py", line 227, in __getattr__
    val = perform_import(val, attr)
  File "/Users/segun/Desktop/Protech/alpha_granit_backend/django_app/.venv/lib/python3.10/site-packages/rest_framework/settings.py", line 168, in perform_import
    return import_from_string(val, setting_name)
  File "/Users/segun/Desktop/Protech/alpha_granit_backend/django_app/.venv/lib/python3.10/site-packages/rest_framework/settings.py", line 182, in import_from_string
    raise ImportError(msg)
ImportError: Could not import 'apps.core.exceptions.custom_exception_handler' for API setting 'EXCEPTION_HANDLER'. ImportError: Module "apps.core.exceptions" does not define a "custom_exception_handler" attribute/class.
ERROR 2025-11-17 10:04:49,881 basehttp "GET /api/schema/ HTTP/1.1" 500 216734
INFO 2025-11-17 10:06:35,087 autoreload Watching for file changes with StatReloader
INFO 2025-11-17 10:06:42,260 basehttp "GET /api/schema/swagger-ui/ HTTP/1.1" 200 4649
ERROR 2025-11-17 10:06:42,782 log Internal Server Error: /api/schema/
Traceback (most recent call last):
  File "/Users/segun/Desktop/Protech/alpha_granit_backend/django_app/.venv/lib/python3.10/site-packages/rest_framework/views.py", line 512, in dispatch
    response = handler(request, *args, **kwargs)
  File "/Users/segun/Desktop/Protech/alpha_granit_backend/django_app/.venv/lib/python3.10/site-packages/drf_spectacular/views.py", line 84, in get
    return self._get_schema_response(request)
  File "/Users/segun/Desktop/Protech/alpha_granit_backend/django_app/.venv/lib/python3.10/site-packages/drf_spectacular/views.py", line 92, in _get_schema_response
    data=generator.get_schema(request=request, public=self.serve_public),
  File "/Users/segun/Desktop/Protech/alpha_granit_backend/django_app/.venv/lib/python3.10/site-packages/drf_spectacular/generators.py", line 287, in get_schema
    paths=self.parse(request, public),
  File "/Users/segun/Desktop/Protech/alpha_granit_backend/django_app/.venv/lib/python3.10/site-packages/drf_spectacular/generators.py", line 258, in parse
    operation = view.schema.get_operation(
  File "/Users/segun/Desktop/Protech/alpha_granit_backend/django_app/.venv/lib/python3.10/site-packages/drf_spectacular/openapi.py", line 113, in get_operation
    operation['responses'] = self._get_response_bodies()
  File "/Users/segun/Desktop/Protech/alpha_granit_backend/django_app/.venv/lib/python3.10/site-packages/drf_spectacular/openapi.py", line 1407, in _get_response_bodies
    return {'200': self._get_response_for_code(response_serializers, '200', direction=direction)}
  File "/Users/segun/Desktop/Protech/alpha_granit_backend/django_app/.venv/lib/python3.10/site-packages/drf_spectacular/openapi.py", line 1463, in _get_response_for_code
    component = self.resolve_serializer(serializer, direction)
  File "/Users/segun/Desktop/Protech/alpha_granit_backend/django_app/.venv/lib/python3.10/site-packages/drf_spectacular/openapi.py", line 1658, in resolve_serializer
    component.schema = self._map_serializer(serializer, direction, bypass_extensions)
  File "/Users/segun/Desktop/Protech/alpha_granit_backend/django_app/.venv/lib/python3.10/site-packages/drf_spectacular/openapi.py", line 959, in _map_serializer
    schema = self._map_basic_serializer(serializer, direction)
  File "/Users/segun/Desktop/Protech/alpha_granit_backend/django_app/.venv/lib/python3.10/site-packages/drf_spectacular/openapi.py", line 1052, in _map_basic_serializer
    for field in serializer.fields.values():
  File "/Users/segun/Desktop/Protech/alpha_granit_backend/django_app/.venv/lib/python3.10/site-packages/django/utils/functional.py", line 47, in __get__
    res = instance.__dict__[self.name] = self.func(instance)
  File "/Users/segun/Desktop/Protech/alpha_granit_backend/django_app/.venv/lib/python3.10/site-packages/rest_framework/serializers.py", line 374, in fields
    for key, value in self.get_fields().items():
  File "/Users/segun/Desktop/Protech/alpha_granit_backend/django_app/.venv/lib/python3.10/site-packages/rest_framework/serializers.py", line 1105, in get_fields
    field_class, field_kwargs = self.build_field(
  File "/Users/segun/Desktop/Protech/alpha_granit_backend/django_app/.venv/lib/python3.10/site-packages/rest_framework/serializers.py", line 1251, in build_field
    return self.build_unknown_field(field_name, model_class)
  File "/Users/segun/Desktop/Protech/alpha_granit_backend/django_app/.venv/lib/python3.10/site-packages/rest_framework/serializers.py", line 1369, in build_unknown_field
    raise ImproperlyConfigured(
django.core.exceptions.ImproperlyConfigured: Field name `cut_list_id` is not valid for model `CutList` in `apps.workflow.serializers.CutListSerializer`.

During handling of the above exception, another exception occurred:

Traceback (most recent call last):
  File "/Users/segun/Desktop/Protech/alpha_granit_backend/django_app/.venv/lib/python3.10/site-packages/django/utils/module_loading.py", line 30, in import_string
    return cached_import(module_path, class_name)
  File "/Users/segun/Desktop/Protech/alpha_granit_backend/django_app/.venv/lib/python3.10/site-packages/django/utils/module_loading.py", line 16, in cached_import
    return getattr(module, class_name)
AttributeError: module 'apps.core.exceptions' has no attribute 'custom_exception_handler'

The above exception was the direct cause of the following exception:

Traceback (most recent call last):
  File "/Users/segun/Desktop/Protech/alpha_granit_backend/django_app/.venv/lib/python3.10/site-packages/rest_framework/settings.py", line 179, in import_from_string
    return import_string(val)
  File "/Users/segun/Desktop/Protech/alpha_granit_backend/django_app/.venv/lib/python3.10/site-packages/django/utils/module_loading.py", line 32, in import_string
    raise ImportError(
ImportError: Module "apps.core.exceptions" does not define a "custom_exception_handler" attribute/class

During handling of the above exception, another exception occurred:

Traceback (most recent call last):
  File "/Users/segun/Desktop/Protech/alpha_granit_backend/django_app/.venv/lib/python3.10/site-packages/django/core/handlers/exception.py", line 55, in inner
    response = get_response(request)
  File "/Users/segun/Desktop/Protech/alpha_granit_backend/django_app/.venv/lib/python3.10/site-packages/django/core/handlers/base.py", line 197, in _get_response
    response = wrapped_callback(request, *callback_args, **callback_kwargs)
  File "/Users/segun/Desktop/Protech/alpha_granit_backend/django_app/.venv/lib/python3.10/site-packages/django/views/decorators/csrf.py", line 65, in _view_wrapper
    return view_func(request, *args, **kwargs)
  File "/Users/segun/Desktop/Protech/alpha_granit_backend/django_app/.venv/lib/python3.10/site-packages/django/views/generic/base.py", line 105, in view
    return self.dispatch(request, *args, **kwargs)
  File "/Users/segun/Desktop/Protech/alpha_granit_backend/django_app/.venv/lib/python3.10/site-packages/rest_framework/views.py", line 515, in dispatch
    response = self.handle_exception(exc)
  File "/Users/segun/Desktop/Protech/alpha_granit_backend/django_app/.venv/lib/python3.10/site-packages/rest_framework/views.py", line 469, in handle_exception
    exception_handler = self.get_exception_handler()
  File "/Users/segun/Desktop/Protech/alpha_granit_backend/django_app/.venv/lib/python3.10/site-packages/rest_framework/views.py", line 304, in get_exception_handler
    return self.settings.EXCEPTION_HANDLER
  File "/Users/segun/Desktop/Protech/alpha_granit_backend/django_app/.venv/lib/python3.10/site-packages/rest_framework/settings.py", line 227, in __getattr__
    val = perform_import(val, attr)
  File "/Users/segun/Desktop/Protech/alpha_granit_backend/django_app/.venv/lib/python3.10/site-packages/rest_framework/settings.py", line 168, in perform_import
    return import_from_string(val, setting_name)
  File "/Users/segun/Desktop/Protech/alpha_granit_backend/django_app/.venv/lib/python3.10/site-packages/rest_framework/settings.py", line 182, in import_from_string
    raise ImportError(msg)
ImportError: Could not import 'apps.core.exceptions.custom_exception_handler' for API setting 'EXCEPTION_HANDLER'. ImportError: Module "apps.core.exceptions" does not define a "custom_exception_handler" attribute/class.
ERROR 2025-11-17 10:06:42,784 basehttp "GET /api/schema/ HTTP/1.1" 500 216734
ERROR 2025-11-17 10:06:42,849 log Internal Server Error: /api/schema/
Traceback (most recent call last):
  File "/Users/segun/Desktop/Protech/alpha_granit_backend/django_app/.venv/lib/python3.10/site-packages/rest_framework/views.py", line 512, in dispatch
    response = handler(request, *args, **kwargs)
  File "/Users/segun/Desktop/Protech/alpha_granit_backend/django_app/.venv/lib/python3.10/site-packages/drf_spectacular/views.py", line 84, in get
    return self._get_schema_response(request)
  File "/Users/segun/Desktop/Protech/alpha_granit_backend/django_app/.venv/lib/python3.10/site-packages/drf_spectacular/views.py", line 92, in _get_schema_response
    data=generator.get_schema(request=request, public=self.serve_public),
  File "/Users/segun/Desktop/Protech/alpha_granit_backend/django_app/.venv/lib/python3.10/site-packages/drf_spectacular/generators.py", line 287, in get_schema
    paths=self.parse(request, public),
  File "/Users/segun/Desktop/Protech/alpha_granit_backend/django_app/.venv/lib/python3.10/site-packages/drf_spectacular/generators.py", line 258, in parse
    operation = view.schema.get_operation(
  File "/Users/segun/Desktop/Protech/alpha_granit_backend/django_app/.venv/lib/python3.10/site-packages/drf_spectacular/openapi.py", line 113, in get_operation
    operation['responses'] = self._get_response_bodies()
  File "/Users/segun/Desktop/Protech/alpha_granit_backend/django_app/.venv/lib/python3.10/site-packages/drf_spectacular/openapi.py", line 1407, in _get_response_bodies
    return {'200': self._get_response_for_code(response_serializers, '200', direction=direction)}
  File "/Users/segun/Desktop/Protech/alpha_granit_backend/django_app/.venv/lib/python3.10/site-packages/drf_spectacular/openapi.py", line 1463, in _get_response_for_code
    component = self.resolve_serializer(serializer, direction)
  File "/Users/segun/Desktop/Protech/alpha_granit_backend/django_app/.venv/lib/python3.10/site-packages/drf_spectacular/openapi.py", line 1658, in resolve_serializer
    component.schema = self._map_serializer(serializer, direction, bypass_extensions)
  File "/Users/segun/Desktop/Protech/alpha_granit_backend/django_app/.venv/lib/python3.10/site-packages/drf_spectacular/openapi.py", line 959, in _map_serializer
    schema = self._map_basic_serializer(serializer, direction)
  File "/Users/segun/Desktop/Protech/alpha_granit_backend/django_app/.venv/lib/python3.10/site-packages/drf_spectacular/openapi.py", line 1052, in _map_basic_serializer
    for field in serializer.fields.values():
  File "/Users/segun/Desktop/Protech/alpha_granit_backend/django_app/.venv/lib/python3.10/site-packages/django/utils/functional.py", line 47, in __get__
    res = instance.__dict__[self.name] = self.func(instance)
  File "/Users/segun/Desktop/Protech/alpha_granit_backend/django_app/.venv/lib/python3.10/site-packages/rest_framework/serializers.py", line 374, in fields
    for key, value in self.get_fields().items():
  File "/Users/segun/Desktop/Protech/alpha_granit_backend/django_app/.venv/lib/python3.10/site-packages/rest_framework/serializers.py", line 1105, in get_fields
    field_class, field_kwargs = self.build_field(
  File "/Users/segun/Desktop/Protech/alpha_granit_backend/django_app/.venv/lib/python3.10/site-packages/rest_framework/serializers.py", line 1251, in build_field
    return self.build_unknown_field(field_name, model_class)
  File "/Users/segun/Desktop/Protech/alpha_granit_backend/django_app/.venv/lib/python3.10/site-packages/rest_framework/serializers.py", line 1369, in build_unknown_field
    raise ImproperlyConfigured(
django.core.exceptions.ImproperlyConfigured: Field name `cut_list_id` is not valid for model `CutList` in `apps.workflow.serializers.CutListSerializer`.

During handling of the above exception, another exception occurred:

Traceback (most recent call last):
  File "/Users/segun/Desktop/Protech/alpha_granit_backend/django_app/.venv/lib/python3.10/site-packages/django/utils/module_loading.py", line 30, in import_string
    return cached_import(module_path, class_name)
  File "/Users/segun/Desktop/Protech/alpha_granit_backend/django_app/.venv/lib/python3.10/site-packages/django/utils/module_loading.py", line 16, in cached_import
    return getattr(module, class_name)
AttributeError: module 'apps.core.exceptions' has no attribute 'custom_exception_handler'

The above exception was the direct cause of the following exception:

Traceback (most recent call last):
  File "/Users/segun/Desktop/Protech/alpha_granit_backend/django_app/.venv/lib/python3.10/site-packages/rest_framework/settings.py", line 179, in import_from_string
    return import_string(val)
  File "/Users/segun/Desktop/Protech/alpha_granit_backend/django_app/.venv/lib/python3.10/site-packages/django/utils/module_loading.py", line 32, in import_string
    raise ImportError(
ImportError: Module "apps.core.exceptions" does not define a "custom_exception_handler" attribute/class

During handling of the above exception, another exception occurred:

Traceback (most recent call last):
  File "/Users/segun/Desktop/Protech/alpha_granit_backend/django_app/.venv/lib/python3.10/site-packages/django/core/handlers/exception.py", line 55, in inner
    response = get_response(request)
  File "/Users/segun/Desktop/Protech/alpha_granit_backend/django_app/.venv/lib/python3.10/site-packages/django/core/handlers/base.py", line 197, in _get_response
    response = wrapped_callback(request, *callback_args, **callback_kwargs)
  File "/Users/segun/Desktop/Protech/alpha_granit_backend/django_app/.venv/lib/python3.10/site-packages/django/views/decorators/csrf.py", line 65, in _view_wrapper
    return view_func(request, *args, **kwargs)
  File "/Users/segun/Desktop/Protech/alpha_granit_backend/django_app/.venv/lib/python3.10/site-packages/django/views/generic/base.py", line 105, in view
    return self.dispatch(request, *args, **kwargs)
  File "/Users/segun/Desktop/Protech/alpha_granit_backend/django_app/.venv/lib/python3.10/site-packages/rest_framework/views.py", line 515, in dispatch
    response = self.handle_exception(exc)
  File "/Users/segun/Desktop/Protech/alpha_granit_backend/django_app/.venv/lib/python3.10/site-packages/rest_framework/views.py", line 469, in handle_exception
    exception_handler = self.get_exception_handler()
  File "/Users/segun/Desktop/Protech/alpha_granit_backend/django_app/.venv/lib/python3.10/site-packages/rest_framework/views.py", line 304, in get_exception_handler
    return self.settings.EXCEPTION_HANDLER
  File "/Users/segun/Desktop/Protech/alpha_granit_backend/django_app/.venv/lib/python3.10/site-packages/rest_framework/settings.py", line 227, in __getattr__
    val = perform_import(val, attr)
  File "/Users/segun/Desktop/Protech/alpha_granit_backend/django_app/.venv/lib/python3.10/site-packages/rest_framework/settings.py", line 168, in perform_import
    return import_from_string(val, setting_name)
  File "/Users/segun/Desktop/Protech/alpha_granit_backend/django_app/.venv/lib/python3.10/site-packages/rest_framework/settings.py", line 182, in import_from_string
    raise ImportError(msg)
ImportError: Could not import 'apps.core.exceptions.custom_exception_handler' for API setting 'EXCEPTION_HANDLER'. ImportError: Module "apps.core.exceptions" does not define a "custom_exception_handler" attribute/class.
ERROR 2025-11-17 10:06:42,850 basehttp "GET /api/schema/ HTTP/1.1" 500 216734
INFO 2025-11-17 10:08:48,823 autoreload /Users/segun/Desktop/Protech/alpha_granit_backend/django_app/apps/auth_system/views.py changed, reloading.
INFO 2025-11-17 10:08:49,393 autoreload Watching for file changes with StatReloader
INFO 2025-11-17 10:09:00,885 autoreload /Users/segun/Desktop/Protech/alpha_granit_backend/django_app/apps/auth_system/views.py changed, reloading.
INFO 2025-11-17 10:09:01,455 autoreload Watching for file changes with StatReloader
INFO 2025-11-17 10:09:14,939 autoreload /Users/segun/Desktop/Protech/alpha_granit_backend/django_app/apps/auth_system/views.py changed, reloading.
INFO 2025-11-17 10:09:15,346 autoreload Watching for file changes with StatReloader
INFO 2025-11-17 10:09:45,167 autoreload /Users/segun/Desktop/Protech/alpha_granit_backend/django_app/apps/auth_system/views.py changed, reloading.
INFO 2025-11-17 10:09:45,627 autoreload Watching for file changes with StatReloader
INFO 2025-11-17 10:10:03,197 autoreload /Users/segun/Desktop/Protech/alpha_granit_backend/django_app/apps/auth_system/views.py changed, reloading.
INFO 2025-11-17 10:10:03,567 autoreload Watching for file changes with StatReloader
INFO 2025-11-17 10:10:37,513 autoreload /Users/segun/Desktop/Protech/alpha_granit_backend/django_app/apps/auth_system/views.py changed, reloading.
INFO 2025-11-17 10:10:38,048 autoreload Watching for file changes with StatReloader
INFO 2025-11-17 10:10:59,827 autoreload /Users/segun/Desktop/Protech/alpha_granit_backend/django_app/apps/auth_system/views.py changed, reloading.
INFO 2025-11-17 10:11:00,469 autoreload Watching for file changes with StatReloader
INFO 2025-11-17 10:11:18,115 autoreload /Users/segun/Desktop/Protech/alpha_granit_backend/django_app/apps/auth_system/views.py changed, reloading.
INFO 2025-11-17 10:11:18,489 autoreload Watching for file changes with StatReloader
INFO 2025-11-17 10:12:14,037 autoreload /Users/segun/Desktop/Protech/alpha_granit_backend/django_app/apps/auth_system/views.py changed, reloading.
INFO 2025-11-17 10:12:14,631 autoreload Watching for file changes with StatReloader
INFO 2025-11-17 10:12:16,955 autoreload /Users/segun/Desktop/Protech/alpha_granit_backend/django_app/apps/auth_system/serializers_fastapi.py changed, reloading.
INFO 2025-11-17 10:12:17,331 autoreload Watching for file changes with StatReloader
INFO 2025-11-17 10:12:41,287 basehttp "GET /api/schema/swagger-ui/ HTTP/1.1" 200 4649
ERROR 2025-11-17 10:12:42,076 log Internal Server Error: /api/schema/
Traceback (most recent call last):
  File "/Users/segun/Desktop/Protech/alpha_granit_backend/django_app/.venv/lib/python3.10/site-packages/rest_framework/views.py", line 512, in dispatch
    response = handler(request, *args, **kwargs)
  File "/Users/segun/Desktop/Protech/alpha_granit_backend/django_app/.venv/lib/python3.10/site-packages/drf_spectacular/views.py", line 84, in get
    return self._get_schema_response(request)
  File "/Users/segun/Desktop/Protech/alpha_granit_backend/django_app/.venv/lib/python3.10/site-packages/drf_spectacular/views.py", line 92, in _get_schema_response
    data=generator.get_schema(request=request, public=self.serve_public),
  File "/Users/segun/Desktop/Protech/alpha_granit_backend/django_app/.venv/lib/python3.10/site-packages/drf_spectacular/generators.py", line 287, in get_schema
    paths=self.parse(request, public),
  File "/Users/segun/Desktop/Protech/alpha_granit_backend/django_app/.venv/lib/python3.10/site-packages/drf_spectacular/generators.py", line 258, in parse
    operation = view.schema.get_operation(
  File "/Users/segun/Desktop/Protech/alpha_granit_backend/django_app/.venv/lib/python3.10/site-packages/drf_spectacular/openapi.py", line 113, in get_operation
    operation['responses'] = self._get_response_bodies()
  File "/Users/segun/Desktop/Protech/alpha_granit_backend/django_app/.venv/lib/python3.10/site-packages/drf_spectacular/openapi.py", line 1407, in _get_response_bodies
    return {'200': self._get_response_for_code(response_serializers, '200', direction=direction)}
  File "/Users/segun/Desktop/Protech/alpha_granit_backend/django_app/.venv/lib/python3.10/site-packages/drf_spectacular/openapi.py", line 1463, in _get_response_for_code
    component = self.resolve_serializer(serializer, direction)
  File "/Users/segun/Desktop/Protech/alpha_granit_backend/django_app/.venv/lib/python3.10/site-packages/drf_spectacular/openapi.py", line 1658, in resolve_serializer
    component.schema = self._map_serializer(serializer, direction, bypass_extensions)
  File "/Users/segun/Desktop/Protech/alpha_granit_backend/django_app/.venv/lib/python3.10/site-packages/drf_spectacular/openapi.py", line 959, in _map_serializer
    schema = self._map_basic_serializer(serializer, direction)
  File "/Users/segun/Desktop/Protech/alpha_granit_backend/django_app/.venv/lib/python3.10/site-packages/drf_spectacular/openapi.py", line 1052, in _map_basic_serializer
    for field in serializer.fields.values():
  File "/Users/segun/Desktop/Protech/alpha_granit_backend/django_app/.venv/lib/python3.10/site-packages/django/utils/functional.py", line 47, in __get__
    res = instance.__dict__[self.name] = self.func(instance)
  File "/Users/segun/Desktop/Protech/alpha_granit_backend/django_app/.venv/lib/python3.10/site-packages/rest_framework/serializers.py", line 374, in fields
    for key, value in self.get_fields().items():
  File "/Users/segun/Desktop/Protech/alpha_granit_backend/django_app/.venv/lib/python3.10/site-packages/rest_framework/serializers.py", line 1105, in get_fields
    field_class, field_kwargs = self.build_field(
  File "/Users/segun/Desktop/Protech/alpha_granit_backend/django_app/.venv/lib/python3.10/site-packages/rest_framework/serializers.py", line 1251, in build_field
    return self.build_unknown_field(field_name, model_class)
  File "/Users/segun/Desktop/Protech/alpha_granit_backend/django_app/.venv/lib/python3.10/site-packages/rest_framework/serializers.py", line 1369, in build_unknown_field
    raise ImproperlyConfigured(
django.core.exceptions.ImproperlyConfigured: Field name `icon` is not valid for model `ActionMenu` in `apps.auth_system.serializers_fastapi.ActionMenuResponseSerializer`.

During handling of the above exception, another exception occurred:

Traceback (most recent call last):
  File "/Users/segun/Desktop/Protech/alpha_granit_backend/django_app/.venv/lib/python3.10/site-packages/django/utils/module_loading.py", line 30, in import_string
    return cached_import(module_path, class_name)
  File "/Users/segun/Desktop/Protech/alpha_granit_backend/django_app/.venv/lib/python3.10/site-packages/django/utils/module_loading.py", line 16, in cached_import
    return getattr(module, class_name)
AttributeError: module 'apps.core.exceptions' has no attribute 'custom_exception_handler'

The above exception was the direct cause of the following exception:

Traceback (most recent call last):
  File "/Users/segun/Desktop/Protech/alpha_granit_backend/django_app/.venv/lib/python3.10/site-packages/rest_framework/settings.py", line 179, in import_from_string
    return import_string(val)
  File "/Users/segun/Desktop/Protech/alpha_granit_backend/django_app/.venv/lib/python3.10/site-packages/django/utils/module_loading.py", line 32, in import_string
    raise ImportError(
ImportError: Module "apps.core.exceptions" does not define a "custom_exception_handler" attribute/class

During handling of the above exception, another exception occurred:

Traceback (most recent call last):
  File "/Users/segun/Desktop/Protech/alpha_granit_backend/django_app/.venv/lib/python3.10/site-packages/django/core/handlers/exception.py", line 55, in inner
    response = get_response(request)
  File "/Users/segun/Desktop/Protech/alpha_granit_backend/django_app/.venv/lib/python3.10/site-packages/django/core/handlers/base.py", line 197, in _get_response
    response = wrapped_callback(request, *callback_args, **callback_kwargs)
  File "/Users/segun/Desktop/Protech/alpha_granit_backend/django_app/.venv/lib/python3.10/site-packages/django/views/decorators/csrf.py", line 65, in _view_wrapper
    return view_func(request, *args, **kwargs)
  File "/Users/segun/Desktop/Protech/alpha_granit_backend/django_app/.venv/lib/python3.10/site-packages/django/views/generic/base.py", line 105, in view
    return self.dispatch(request, *args, **kwargs)
  File "/Users/segun/Desktop/Protech/alpha_granit_backend/django_app/.venv/lib/python3.10/site-packages/rest_framework/views.py", line 515, in dispatch
    response = self.handle_exception(exc)
  File "/Users/segun/Desktop/Protech/alpha_granit_backend/django_app/.venv/lib/python3.10/site-packages/rest_framework/views.py", line 469, in handle_exception
    exception_handler = self.get_exception_handler()
  File "/Users/segun/Desktop/Protech/alpha_granit_backend/django_app/.venv/lib/python3.10/site-packages/rest_framework/views.py", line 304, in get_exception_handler
    return self.settings.EXCEPTION_HANDLER
  File "/Users/segun/Desktop/Protech/alpha_granit_backend/django_app/.venv/lib/python3.10/site-packages/rest_framework/settings.py", line 227, in __getattr__
    val = perform_import(val, attr)
  File "/Users/segun/Desktop/Protech/alpha_granit_backend/django_app/.venv/lib/python3.10/site-packages/rest_framework/settings.py", line 168, in perform_import
    return import_from_string(val, setting_name)
  File "/Users/segun/Desktop/Protech/alpha_granit_backend/django_app/.venv/lib/python3.10/site-packages/rest_framework/settings.py", line 182, in import_from_string
    raise ImportError(msg)
ImportError: Could not import 'apps.core.exceptions.custom_exception_handler' for API setting 'EXCEPTION_HANDLER'. ImportError: Module "apps.core.exceptions" does not define a "custom_exception_handler" attribute/class.
ERROR 2025-11-17 10:12:42,080 basehttp "GET /api/schema/ HTTP/1.1" 500 207450
ERROR 2025-11-17 10:12:42,150 log Internal Server Error: /api/schema/
Traceback (most recent call last):
  File "/Users/segun/Desktop/Protech/alpha_granit_backend/django_app/.venv/lib/python3.10/site-packages/rest_framework/views.py", line 512, in dispatch
    response = handler(request, *args, **kwargs)
  File "/Users/segun/Desktop/Protech/alpha_granit_backend/django_app/.venv/lib/python3.10/site-packages/drf_spectacular/views.py", line 84, in get
    return self._get_schema_response(request)
  File "/Users/segun/Desktop/Protech/alpha_granit_backend/django_app/.venv/lib/python3.10/site-packages/drf_spectacular/views.py", line 92, in _get_schema_response
    data=generator.get_schema(request=request, public=self.serve_public),
  File "/Users/segun/Desktop/Protech/alpha_granit_backend/django_app/.venv/lib/python3.10/site-packages/drf_spectacular/generators.py", line 287, in get_schema
    paths=self.parse(request, public),
  File "/Users/segun/Desktop/Protech/alpha_granit_backend/django_app/.venv/lib/python3.10/site-packages/drf_spectacular/generators.py", line 258, in parse
    operation = view.schema.get_operation(
  File "/Users/segun/Desktop/Protech/alpha_granit_backend/django_app/.venv/lib/python3.10/site-packages/drf_spectacular/openapi.py", line 113, in get_operation
    operation['responses'] = self._get_response_bodies()
  File "/Users/segun/Desktop/Protech/alpha_granit_backend/django_app/.venv/lib/python3.10/site-packages/drf_spectacular/openapi.py", line 1407, in _get_response_bodies
    return {'200': self._get_response_for_code(response_serializers, '200', direction=direction)}
  File "/Users/segun/Desktop/Protech/alpha_granit_backend/django_app/.venv/lib/python3.10/site-packages/drf_spectacular/openapi.py", line 1463, in _get_response_for_code
    component = self.resolve_serializer(serializer, direction)
  File "/Users/segun/Desktop/Protech/alpha_granit_backend/django_app/.venv/lib/python3.10/site-packages/drf_spectacular/openapi.py", line 1658, in resolve_serializer
    component.schema = self._map_serializer(serializer, direction, bypass_extensions)
  File "/Users/segun/Desktop/Protech/alpha_granit_backend/django_app/.venv/lib/python3.10/site-packages/drf_spectacular/openapi.py", line 959, in _map_serializer
    schema = self._map_basic_serializer(serializer, direction)
  File "/Users/segun/Desktop/Protech/alpha_granit_backend/django_app/.venv/lib/python3.10/site-packages/drf_spectacular/openapi.py", line 1052, in _map_basic_serializer
    for field in serializer.fields.values():
  File "/Users/segun/Desktop/Protech/alpha_granit_backend/django_app/.venv/lib/python3.10/site-packages/django/utils/functional.py", line 47, in __get__
    res = instance.__dict__[self.name] = self.func(instance)
  File "/Users/segun/Desktop/Protech/alpha_granit_backend/django_app/.venv/lib/python3.10/site-packages/rest_framework/serializers.py", line 374, in fields
    for key, value in self.get_fields().items():
  File "/Users/segun/Desktop/Protech/alpha_granit_backend/django_app/.venv/lib/python3.10/site-packages/rest_framework/serializers.py", line 1105, in get_fields
    field_class, field_kwargs = self.build_field(
  File "/Users/segun/Desktop/Protech/alpha_granit_backend/django_app/.venv/lib/python3.10/site-packages/rest_framework/serializers.py", line 1251, in build_field
    return self.build_unknown_field(field_name, model_class)
  File "/Users/segun/Desktop/Protech/alpha_granit_backend/django_app/.venv/lib/python3.10/site-packages/rest_framework/serializers.py", line 1369, in build_unknown_field
    raise ImproperlyConfigured(
django.core.exceptions.ImproperlyConfigured: Field name `icon` is not valid for model `ActionMenu` in `apps.auth_system.serializers_fastapi.ActionMenuResponseSerializer`.

During handling of the above exception, another exception occurred:

Traceback (most recent call last):
  File "/Users/segun/Desktop/Protech/alpha_granit_backend/django_app/.venv/lib/python3.10/site-packages/django/utils/module_loading.py", line 30, in import_string
    return cached_import(module_path, class_name)
  File "/Users/segun/Desktop/Protech/alpha_granit_backend/django_app/.venv/lib/python3.10/site-packages/django/utils/module_loading.py", line 16, in cached_import
    return getattr(module, class_name)
AttributeError: module 'apps.core.exceptions' has no attribute 'custom_exception_handler'

The above exception was the direct cause of the following exception:

Traceback (most recent call last):
  File "/Users/segun/Desktop/Protech/alpha_granit_backend/django_app/.venv/lib/python3.10/site-packages/rest_framework/settings.py", line 179, in import_from_string
    return import_string(val)
  File "/Users/segun/Desktop/Protech/alpha_granit_backend/django_app/.venv/lib/python3.10/site-packages/django/utils/module_loading.py", line 32, in import_string
    raise ImportError(
ImportError: Module "apps.core.exceptions" does not define a "custom_exception_handler" attribute/class

During handling of the above exception, another exception occurred:

Traceback (most recent call last):
  File "/Users/segun/Desktop/Protech/alpha_granit_backend/django_app/.venv/lib/python3.10/site-packages/django/core/handlers/exception.py", line 55, in inner
    response = get_response(request)
  File "/Users/segun/Desktop/Protech/alpha_granit_backend/django_app/.venv/lib/python3.10/site-packages/django/core/handlers/base.py", line 197, in _get_response
    response = wrapped_callback(request, *callback_args, **callback_kwargs)
  File "/Users/segun/Desktop/Protech/alpha_granit_backend/django_app/.venv/lib/python3.10/site-packages/django/views/decorators/csrf.py", line 65, in _view_wrapper
    return view_func(request, *args, **kwargs)
  File "/Users/segun/Desktop/Protech/alpha_granit_backend/django_app/.venv/lib/python3.10/site-packages/django/views/generic/base.py", line 105, in view
    return self.dispatch(request, *args, **kwargs)
  File "/Users/segun/Desktop/Protech/alpha_granit_backend/django_app/.venv/lib/python3.10/site-packages/rest_framework/views.py", line 515, in dispatch
    response = self.handle_exception(exc)
  File "/Users/segun/Desktop/Protech/alpha_granit_backend/django_app/.venv/lib/python3.10/site-packages/rest_framework/views.py", line 469, in handle_exception
    exception_handler = self.get_exception_handler()
  File "/Users/segun/Desktop/Protech/alpha_granit_backend/django_app/.venv/lib/python3.10/site-packages/rest_framework/views.py", line 304, in get_exception_handler
    return self.settings.EXCEPTION_HANDLER
  File "/Users/segun/Desktop/Protech/alpha_granit_backend/django_app/.venv/lib/python3.10/site-packages/rest_framework/settings.py", line 227, in __getattr__
    val = perform_import(val, attr)
  File "/Users/segun/Desktop/Protech/alpha_granit_backend/django_app/.venv/lib/python3.10/site-packages/rest_framework/settings.py", line 168, in perform_import
    return import_from_string(val, setting_name)
  File "/Users/segun/Desktop/Protech/alpha_granit_backend/django_app/.venv/lib/python3.10/site-packages/rest_framework/settings.py", line 182, in import_from_string
    raise ImportError(msg)
ImportError: Could not import 'apps.core.exceptions.custom_exception_handler' for API setting 'EXCEPTION_HANDLER'. ImportError: Module "apps.core.exceptions" does not define a "custom_exception_handler" attribute/class.
ERROR 2025-11-17 10:12:42,151 basehttp "GET /api/schema/ HTTP/1.1" 500 207450
